
> criollo-labs@1.0.0 build
> next build

  Ôû▓ Next.js 14.2.35

   Creating an optimized production build ...
 Ô£ô Compiled successfully
   Linting and checking validity of types ...

./src/lib/hooks/useScrollProgress.ts
77:19  Warning: 'triggerPoint' is assigned a value but never used.  @typescript-eslint/no-unused-vars
79:19  Warning: 'elementBottom' is assigned a value but never used.  @typescript-eslint/no-unused-vars

info  - Need to disable some ESLint rules? Learn more here: https://nextjs.org/docs/basic-features/eslint#disabling-rules
   Collecting page data ...
   Generating static pages (0/17) ...
   Generating static pages (4/17) 
   Generating static pages (8/17) 
   Generating static pages (12/17) 
node.exe : ey 
[Error]: 
MISSING_MESSAGE: what
sappFollowup.title 
(es)
En C:\nvm4w\nodejs\np
m.ps1: 29 Carácter: 3
+   & $NODE_EXE 
$NPM_CLI_JS $args
+   ~~~~~~~~~~~~~~~~~
~~~~~~~~~~~~
    + CategoryInfo   
           : 
NotSpecifi    ed: 
(ey [Error]: M    
IS...owup.title (e   
 s):String) [], Rem  
  oteException
    + 
FullyQualifiedEr    
rorId : NativeComm   
 andError
 
    at c (C:\Users\to
mas\OneDrive\Desktop\
criolloLabs\.next\ser
ver\chunks\116.js:10:
202275)
    at h (C:\Users\to
mas\OneDrive\Desktop\
criolloLabs\.next\ser
ver\chunks\116.js:10:
202471)
    at f (C:\Users\to
mas\OneDrive\Desktop\
criolloLabs\.next\ser
ver\chunks\116.js:10:
203634)
    at p (C:\Users\to
mas\OneDrive\Desktop\
criolloLabs\.next\ser
ver\app\[locale]\buil
ds\[slug]\page.js:8:1
681) {
  code: 
'MISSING_MESSAGE',
  originalMessage: 'w
hatsappFollowup.title
 (es)'
}
ey [Error]: 
MISSING_MESSAGE: what
sappFollowup.subtitle
 (es)
    at c (C:\Users\to
mas\OneDrive\Desktop\
criolloLabs\.next\ser
ver\chunks\116.js:10:
202275)
    at h (C:\Users\to
mas\OneDrive\Desktop\
criolloLabs\.next\ser
ver\chunks\116.js:10:
202471)
    at f (C:\Users\to
mas\OneDrive\Desktop\
criolloLabs\.next\ser
ver\chunks\116.js:10:
203634)
    at p (C:\Users\to
mas\OneDrive\Desktop\
criolloLabs\.next\ser
ver\app\[locale]\buil
ds\[slug]\page.js:8:1
703) {
  code: 
'MISSING_MESSAGE',
  originalMessage: 'w
hatsappFollowup.subti
tle (es)'
}
ey [Error]: 
MISSING_MESSAGE: what
sappFollowup.problem 
(es)
    at c (C:\Users\to
mas\OneDrive\Desktop\
criolloLabs\.next\ser
ver\chunks\116.js:10:
202275)
    at h (C:\Users\to
mas\OneDrive\Desktop\
criolloLabs\.next\ser
ver\chunks\116.js:10:
202471)
    at f (C:\Users\to
mas\OneDrive\Desktop\
criolloLabs\.next\ser
ver\chunks\116.js:10:
203634)
    at p (C:\Users\to
mas\OneDrive\Desktop\
criolloLabs\.next\ser
ver\app\[locale]\buil
ds\[slug]\page.js:8:1
728) {
  code: 
'MISSING_MESSAGE',
  originalMessage: 'w
hatsappFollowup.probl
em (es)'
}
ey [Error]: 
MISSING_MESSAGE: what
sappFollowup.outcome 
(es)
    at c (C:\Users\to
mas\OneDrive\Desktop\
criolloLabs\.next\ser
ver\chunks\116.js:10:
202275)
    at h (C:\Users\to
mas\OneDrive\Desktop\
criolloLabs\.next\ser
ver\chunks\116.js:10:
202471)
    at f (C:\Users\to
mas\OneDrive\Desktop\
criolloLabs\.next\ser
ver\chunks\116.js:10:
203634)
    at p (C:\Users\to
mas\OneDrive\Desktop\
criolloLabs\.next\ser
ver\app\[locale]\buil
ds\[slug]\page.js:8:1
752) {
  code: 
'MISSING_MESSAGE',
  originalMessage: 'w
hatsappFollowup.outco
me (es)'
}
ey [Error]: 
MISSING_MESSAGE: what
sappFollowup.bullets 
(es)
    at c (C:\Users\to
mas\OneDrive\Desktop\
criolloLabs\.next\ser
ver\chunks\116.js:10:
202275)
    at f.raw (C:\User
s\tomas\OneDrive\Desk
top\criolloLabs\.next
\server\chunks\116.js
:10:203847)
    at p (C:\Users\to
mas\OneDrive\Desktop\
criolloLabs\.next\ser
ver\app\[locale]\buil
ds\[slug]\page.js:8:1
778) {
  code: 
'MISSING_MESSAGE',
  originalMessage: 'w
hatsappFollowup.bulle
ts (es)'
}
ey [Error]: 
MISSING_MESSAGE: what
sappFollowup.title 
(es)
    at c (C:\Users\to
mas\OneDrive\Desktop\
criolloLabs\.next\ser
ver\chunks\116.js:10:
202275)
    at h (C:\Users\to
mas\OneDrive\Desktop\
criolloLabs\.next\ser
ver\chunks\116.js:10:
202471)
    at f (C:\Users\to
mas\OneDrive\Desktop\
criolloLabs\.next\ser
ver\chunks\116.js:10:
203634)
    at p (C:\Users\to
mas\OneDrive\Desktop\
criolloLabs\.next\ser
ver\app\[locale]\buil
ds\[slug]\page.js:8:1
681)
    at runNextTicks (
node:internal/process
/task_queues:65:5)
    at listOnTimeout 
(node:internal/timers
:555:9)
    at process.proces
sTimers (node:interna
l/timers:529:7) {
  code: 
'MISSING_MESSAGE',
  originalMessage: 'w
hatsappFollowup.title
 (es)'
}
ey [Error]: 
MISSING_MESSAGE: what
sappFollowup.subtitle
 (es)
    at c (C:\Users\to
mas\OneDrive\Desktop\
criolloLabs\.next\ser
ver\chunks\116.js:10:
202275)
    at h (C:\Users\to
mas\OneDrive\Desktop\
criolloLabs\.next\ser
ver\chunks\116.js:10:
202471)
    at f (C:\Users\to
mas\OneDrive\Desktop\
criolloLabs\.next\ser
ver\chunks\116.js:10:
203634)
    at p (C:\Users\to
mas\OneDrive\Desktop\
criolloLabs\.next\ser
ver\app\[locale]\buil
ds\[slug]\page.js:8:1
703)
    at runNextTicks (
node:internal/process
/task_queues:65:5)
    at listOnTimeout 
(node:internal/timers
:555:9)
    at process.proces
sTimers (node:interna
l/timers:529:7) {
  code: 
'MISSING_MESSAGE',
  originalMessage: 'w
hatsappFollowup.subti
tle (es)'
}
ey [Error]: 
MISSING_MESSAGE: what
sappFollowup.problem 
(es)
    at c (C:\Users\to
mas\OneDrive\Desktop\
criolloLabs\.next\ser
ver\chunks\116.js:10:
202275)
    at h (C:\Users\to
mas\OneDrive\Desktop\
criolloLabs\.next\ser
ver\chunks\116.js:10:
202471)
    at f (C:\Users\to
mas\OneDrive\Desktop\
criolloLabs\.next\ser
ver\chunks\116.js:10:
203634)
    at p (C:\Users\to
mas\OneDrive\Desktop\
criolloLabs\.next\ser
ver\app\[locale]\buil
ds\[slug]\page.js:8:1
728)
    at runNextTicks (
node:internal/process
/task_queues:65:5)
    at listOnTimeout 
(node:internal/timers
:555:9)
    at process.proces
sTimers (node:interna
l/timers:529:7) {
  code: 
'MISSING_MESSAGE',
  originalMessage: 'w
hatsappFollowup.probl
em (es)'
}
ey [Error]: 
MISSING_MESSAGE: what
sappFollowup.outcome 
(es)
    at c (C:\Users\to
mas\OneDrive\Desktop\
criolloLabs\.next\ser
ver\chunks\116.js:10:
202275)
    at h (C:\Users\to
mas\OneDrive\Desktop\
criolloLabs\.next\ser
ver\chunks\116.js:10:
202471)
    at f (C:\Users\to
mas\OneDrive\Desktop\
criolloLabs\.next\ser
ver\chunks\116.js:10:
203634)
    at p (C:\Users\to
mas\OneDrive\Desktop\
criolloLabs\.next\ser
ver\app\[locale]\buil
ds\[slug]\page.js:8:1
752)
    at runNextTicks (
node:internal/process
/task_queues:65:5)
    at listOnTimeout 
(node:internal/timers
:555:9)
    at process.proces
sTimers (node:interna
l/timers:529:7) {
  code: 
'MISSING_MESSAGE',
  originalMessage: 'w
hatsappFollowup.outco
me (es)'
}
ey [Error]: 
MISSING_MESSAGE: what
sappFollowup.bullets 
(es)
    at c (C:\Users\to
mas\OneDrive\Desktop\
criolloLabs\.next\ser
ver\chunks\116.js:10:
202275)
    at f.raw (C:\User
s\tomas\OneDrive\Desk
top\criolloLabs\.next
\server\chunks\116.js
:10:203847)
    at p (C:\Users\to
mas\OneDrive\Desktop\
criolloLabs\.next\ser
ver\app\[locale]\buil
ds\[slug]\page.js:8:1
778)
    at runNextTicks (
node:internal/process
/task_queues:65:5)
    at listOnTimeout 
(node:internal/timers
:555:9)
    at process.proces
sTimers (node:interna
l/timers:529:7) {
  code: 
'MISSING_MESSAGE',
  originalMessage: 'w
hatsappFollowup.bulle
ts (es)'
}
TypeError: f.map is 
not a function
    at p (C:\Users\to
mas\OneDrive\Desktop\
criolloLabs\.next\ser
ver\app\[locale]\buil
ds\[slug]\page.js:8:3
703) {
  digest: 
'1072540774'
}
TypeError: f.map is 
not a function
    at p (C:\Users\to
mas\OneDrive\Desktop\
criolloLabs\.next\ser
ver\app\[locale]\buil
ds\[slug]\page.js:8:3
703)
    at runNextTicks (
node:internal/process
/task_queues:65:5)
    at listOnTimeout 
(node:internal/timers
:555:9)
    at process.proces
sTimers (node:interna
l/timers:529:7) {
  digest: 
'1543697703'
}
TypeError: f.map is 
not a function
    at p (C:\Users\to
mas\OneDrive\Desktop\
criolloLabs\.next\ser
ver\app\[locale]\buil
ds\[slug]\page.js:8:3
703)
    at runNextTicks (
node:internal/process
/task_queues:65:5)
    at listOnTimeout 
(node:internal/timers
:555:9)
    at process.proces
sTimers (node:interna
l/timers:529:7) {
  digest: 
'1543697703'
}

Error occurred 
prerendering page "/e
s/builds/whatsapp-fol
lowup". Read more: ht
tps://nextjs.org/docs
/messages/prerender-e
rror

TypeError: f.map is 
not a function
    at p (C:\Users\to
mas\OneDrive\Desktop\
criolloLabs\.next\ser
ver\app\[locale]\buil
ds\[slug]\page.js:8:3
703)
 Ô£ô Generating static pages (17/17)

> Export encountered 
errors on following 
paths:
	/[locale]/builds/[sl
ug]/page: /es/builds/
whatsapp-followup
